src/j0beron2/ast/ASTNode.java
src/j0beron2/ast/decl/Body.java
src/j0beron2/ast/decl/ConstDecl.java
src/j0beron2/ast/decl/ConstDecls.java
src/j0beron2/ast/decl/ConstSect.java
src/j0beron2/ast/decl/Decl.java
src/j0beron2/ast/decl/Decls.java
src/j0beron2/ast/decl/Formals.java
src/j0beron2/ast/decl/FPSect.java
src/j0beron2/ast/decl/FPSects.java
src/j0beron2/ast/decl/Module.java
src/j0beron2/ast/decl/Proc.java
src/j0beron2/ast/decl/Procs.java
src/j0beron2/ast/decl/Section.java
src/j0beron2/ast/decl/TypeDecl.java
src/j0beron2/ast/decl/TypeDecls.java
src/j0beron2/ast/decl/TypeSect.java
src/j0beron2/ast/decl/VarDecl.java
src/j0beron2/ast/decl/VarDecls.java
src/j0beron2/ast/decl/VarSect.java
src/j0beron2/ast/expr/Add.java
src/j0beron2/ast/expr/And.java
src/j0beron2/ast/expr/Binary.java
src/j0beron2/ast/expr/Div.java
src/j0beron2/ast/expr/Eq.java
src/j0beron2/ast/expr/Expr.java
src/j0beron2/ast/expr/GEq.java
src/j0beron2/ast/expr/GT.java
src/j0beron2/ast/expr/Int.java
src/j0beron2/ast/expr/LEq.java
src/j0beron2/ast/expr/Lookup.java
src/j0beron2/ast/expr/LT.java
src/j0beron2/ast/expr/Member.java
src/j0beron2/ast/expr/Mod.java
src/j0beron2/ast/expr/Mul.java
src/j0beron2/ast/expr/Neg.java
src/j0beron2/ast/expr/NEq.java
src/j0beron2/ast/expr/Not.java
src/j0beron2/ast/expr/Or.java
src/j0beron2/ast/expr/Pos.java
src/j0beron2/ast/expr/Selector.java
src/j0beron2/ast/expr/Selectors.java
src/j0beron2/ast/expr/Sub.java
src/j0beron2/ast/expr/Subscript.java
src/j0beron2/ast/expr/Unary.java
src/j0beron2/ast/IASTVisitor.java
src/j0beron2/ast/stat/Actuals.java
src/j0beron2/ast/stat/Assign.java
src/j0beron2/ast/stat/Call.java
src/j0beron2/ast/stat/Else.java
src/j0beron2/ast/stat/ElsIf.java
src/j0beron2/ast/stat/ElsIfs.java
src/j0beron2/ast/stat/Exprs.java
src/j0beron2/ast/stat/IfThenElse.java
src/j0beron2/ast/stat/Stat.java
src/j0beron2/ast/stat/Stats.java
src/j0beron2/ast/stat/WhileDo.java
src/j0beron2/ast/type/Array.java
src/j0beron2/ast/type/BoolType.java
src/j0beron2/ast/type/Field.java
src/j0beron2/ast/type/Fields.java
src/j0beron2/ast/type/Ident.java
src/j0beron2/ast/type/Idents.java
src/j0beron2/ast/type/IntType.java
src/j0beron2/ast/type/Record.java
src/j0beron2/ast/type/Type.java
src/j0beron2/ast/type/User.java
src/j0beron2/eval/Builtins.java
src/j0beron2/eval/env/Bindable.java
src/j0beron2/eval/env/Builtin.java
src/j0beron2/eval/env/Closure.java
src/j0beron2/eval/env/Const.java
src/j0beron2/eval/env/Env.java
src/j0beron2/eval/env/Ref.java
src/j0beron2/eval/values/Array.java
src/j0beron2/eval/values/Bool.java
src/j0beron2/eval/values/Int.java
src/j0beron2/eval/values/Record.java
src/j0beron2/eval/values/Value.java
src/j0beron2/parser/Oberon0.java
src/j0beron2/parser/Oberon0Lexer.java
src/j0beron2/parser/Oberon0Tokens.java
